<html>
<body>
<pre>
<h1>µVision Build Log</h1>
<h2>Tool Versions:</h2>
IDE-Version: µVision V5.31.0.0
Copyright (C) 2020 ARM Ltd and ARM Germany GmbH. All rights reserved.
License Information: Can Ceylandað, ..., LIC=----
 
Tool Versions:
Toolchain:       MDK-Lite  Version: 5.31.0.0
Toolchain Path:  D:\Programs\KeIL\ARM\ARMCLANG\Bin
C Compiler:      ArmClang.exe V6.14
Assembler:       Armasm.exe V6.14
Linker/Locator:  ArmLink.exe V6.14
Library Manager: ArmAr.exe V6.14
Hex Converter:   FromElf.exe V6.14
CPU DLL:         SARMCM3.DLL V5.31.0.0
Dialog DLL:      DCM.DLL V1.17.3.0
Target DLL:      STLink\ST-LINKIII-KEIL_SWO.dll V3.0.7.0
Dialog DLL:      TCM.DLL V1.46.0.0
 
<h2>Project:</h2>
C:\Users\Lenovo\Desktop\e\03_extInt_01\03_extnt_01.uvprojx
Project File Date:  11/30/2020

<h2>Output:</h2>
*** Using Compiler 'V6.14', folder: 'D:\Programs\KeIL\ARM\ARMCLANG\Bin'
Rebuild target 'Target 1'
ArmClang: warning: Unknown CUDA version 10.2. Assuming the latest supported version 10.1 [-Wunknown-cuda-version]
D:/Programs/KeIL/Packs/Keil/STM32F1xx_DFP/2.3.0/Device/StdPeriph_Driver/src/misc.c(132): warning: implicit conversion loses integer precision: 'uint32_t' (aka 'unsigned int') to 'uint8_t' (aka 'unsigned char') [-Wimplicit-int-conversion]
    NVIC->IP[NVIC_InitStruct->NVIC_IRQChannel] = tmppriority;
                                               ~ ^~~~~~~~~~~
1 warning generated.
compiling misc.c...
ArmClang: warning: Unknown CUDA version 10.2. Assuming the latest supported version 10.1 [-Wunknown-cuda-version]
D:/Programs/KeIL/Packs/Keil/STM32F1xx_DFP/2.3.0/Device/StdPeriph_Driver/src/stm32f10x_exti.c(23): warning: In file included from...
D:/Programs/KeIL/Packs/Keil/STM32F1xx_DFP/2.3.0/Device/StdPeriph_Driver/inc\stm32f10x_exti.h(76): warning: padding size of 'EXTI_InitTypeDef' with 1 byte to alignment boundary [-Wpadded]
typedef struct
        ^
1 warning generated.
compiling stm32f10x_exti.c...
ArmClang: warning: Unknown CUDA version 10.2. Assuming the latest supported version 10.1 [-Wunknown-cuda-version]
main2.c(4): warning: no previous prototype for function 'gpioConfig' [-Wmissing-prototypes]
void gpioConfig(){
     ^
main2.c(4): note: declare 'static' if the function is not intended to be used outside of this translation unit
void gpioConfig(){
^
static 
main2.c(1): warning: In file included from...
D:/Programs/KeIL/Packs/Keil/STM32F1xx_DFP/2.3.0/Device/Include\stm32f10x.h(8302): warning: In file included from...
./RTE/Device/STM32F103C8\stm32f10x_conf.h(54): warning: In file included from...
D:/Programs/KeIL/Packs/Keil/STM32F1xx_DFP/2.3.0/Device/StdPeriph_Driver/inc\stm32f10x_exti.h(76): warning: padding size of 'EXTI_InitTypeDef' with 1 byte to alignment boundary [-Wpadded]
typedef struct
        ^
main2.c(22): warning: no previous prototype for function 'extiConfig' [-Wmissing-prototypes]
void extiConfig(){
     ^
main2.c(22): note: declare 'static' if the function is not intended to be used outside of this translation unit
void extiConfig(){
^
static 
main2.c(48): warning: no previous prototype for function 'delay' [-Wmissing-prototypes]
void delay(uint32_t timee){
     ^
main2.c(48): note: declare 'static' if the function is not intended to be used outside of this translation unit
void delay(uint32_t timee){
^
static 
main2.c(54): warning: no previous prototype for function 'EXTI15_10_IRQHandler' [-Wmissing-prototypes]
void EXTI15_10_IRQHandler(){
     ^
main2.c(54): note: declare 'static' if the function is not intended to be used outside of this translation unit
void EXTI15_10_IRQHandler(){
^
static 
main2.c(83): warning: implicit conversion loses integer precision: 'int' to 'uint16_t' (aka 'unsigned short') [-Wimplicit-int-conversion]
        GPIO_SetBits(GPIOB,ledarray[i]);
        ~~~~~~~~~~~~       ^~~~~~~~~~~
main2.c(85): warning: implicit conversion loses integer precision: 'int' to 'uint16_t' (aka 'unsigned short') [-Wimplicit-int-conversion]
                GPIO_ResetBits(GPIOB,ledarray[i]);
                ~~~~~~~~~~~~~~       ^~~~~~~~~~~
main2.c(92): warning: implicit conversion loses integer precision: 'int' to 'uint16_t' (aka 'unsigned short') [-Wimplicit-int-conversion]
        GPIO_SetBits(GPIOB,ledarray[i]);
        ~~~~~~~~~~~~       ^~~~~~~~~~~
main2.c(94): warning: implicit conversion loses integer precision: 'int' to 'uint16_t' (aka 'unsigned short') [-Wimplicit-int-conversion]
                GPIO_ResetBits(GPIOB,ledarray[i]);
                ~~~~~~~~~~~~~~       ^~~~~~~~~~~
main2.c(102): warning: no newline at end of file [-Wnewline-eof]
}
 ^
10 warnings generated.
compiling main2.c...
ArmClang: warning: Unknown CUDA version 10.2. Assuming the latest supported version 10.1 [-Wunknown-cuda-version]
compiling stm32f10x_gpio.c...
ArmClang: warning: Unknown CUDA version 10.2. Assuming the latest supported version 10.1 [-Wunknown-cuda-version]
compiling stm32f10x_rcc.c...
ArmClang: warning: Unknown CUDA version 10.2. Assuming the latest supported version 10.1 [-Wunknown-cuda-version]
D:/Programs/KeIL/Packs/Keil/STM32F1xx_DFP/2.3.0/RTE_Driver/GPIO_STM32F10x.c(10): warning: In file included from...
D:/Programs/KeIL/Packs/Keil/STM32F1xx_DFP/2.3.0/RTE_Driver/GPIO_STM32F10x.h(230): warning: implicit conversion loses integer precision: 'volatile uint32_t' (aka 'volatile unsigned int') to 'uint16_t' (aka 'unsigned short') [-Wimplicit-int-conversion]
  return (GPIOx->IDR);
  ~~~~~~  ~~~~~~~^~~
D:/Programs/KeIL/Packs/Keil/STM32F1xx_DFP/2.3.0/RTE_Driver/GPIO_STM32F10x.c(112): warning: integer constant not in range of enumerated type 'GPIO_CONF' [-Wassign-enum]
      conf &= ~1;
              ^
D:/Programs/KeIL/Packs/Keil/STM32F1xx_DFP/2.3.0/RTE_Driver/GPIO_STM32F10x.c(124): warning: implicit conversion changes signedness: 'int' to 'unsigned int' [-Wsign-conversion]
  *reg &= ~(0xF << (num << 2));
       ~~ ^~~~~~~~~~~~~~~~~~~~
D:/Programs/KeIL/Packs/Keil/STM32F1xx_DFP/2.3.0/RTE_Driver/GPIO_STM32F10x.c(125): warning: implicit conversion changes signedness: 'int' to 'unsigned int' [-Wsign-conversion]
  *reg |= ((conf << 2) | mode) << (num << 2);
       ~~ ~~~~~~~~~~~~~~~~~~~~~^~~~~~~~~~~~~
4 warnings generated.
compiling GPIO_STM32F10x.c...
ArmClang: warning: Unknown CUDA version 10.2. Assuming the latest supported version 10.1 [-Wunknown-cuda-version]
assembling startup_stm32f10x_md.s...
ArmClang: warning: Unknown CUDA version 10.2. Assuming the latest supported version 10.1 [-Wunknown-cuda-version]
RTE/Device/STM32F103C8/system_stm32f10x.c(167): warning: no previous extern declaration for non-static variable 'AHBPrescTable' [-Wmissing-variable-declarations]
__I uint8_t AHBPrescTable[16] = {0, 0, 0, 0, 0, 0, 0, 0, 1, 2, 3, 4, 6, 7, 8, 9};
            ^
RTE/Device/STM32F103C8/system_stm32f10x.c(167): note: declare 'static' if the variable is not intended to be used outside of this translation unit
__I uint8_t AHBPrescTable[16] = {0, 0, 0, 0, 0, 0, 0, 0, 1, 2, 3, 4, 6, 7, 8, 9};
    ^
1 warning generated.
compiling system_stm32f10x.c...
linking...
Program Size: Code=1396 RO-data=264 RW-data=0 ZI-data=1632  
".\Objects\03_extnt_01.axf" - 0 Error(s), 25 Warning(s).

<h2>Software Packages used:</h2>

Package Vendor: ARM
                http://www.keil.com/pack/ARM.CMSIS.5.7.0.pack
                ARM.CMSIS.5.7.0
                CMSIS (Cortex Microcontroller Software Interface Standard)
   * Component: CORE Version: 5.4.0

Package Vendor: Keil
                http://www.keil.com/pack/Keil.STM32F1xx_DFP.2.3.0.pack
                Keil.STM32F1xx_DFP.2.3.0
                STMicroelectronics STM32F1 Series Device Support, Drivers and Examples
   * Component: GPIO Version: 1.3
   * Component: Startup Version: 1.0.0
   * Component: EXTI Version: 3.5.0
   * Component: Framework Version: 3.5.1
   * Component: GPIO Version: 3.5.0
   * Component: RCC Version: 3.5.0

<h2>Collection of Component include folders:</h2>
  .\RTE\Device\STM32F103C8
  .\RTE\_Target_1
  D:\Programs\KeIL\Packs\ARM\CMSIS\5.7.0\CMSIS\Core\Include
  D:\Programs\KeIL\Packs\Keil\STM32F1xx_DFP\2.3.0\Device\Include
  D:\Programs\KeIL\Packs\Keil\STM32F1xx_DFP\2.3.0\Device\StdPeriph_Driver\inc
  D:\Programs\KeIL\Packs\Keil\STM32F1xx_DFP\2.3.0\RTE_Driver

<h2>Collection of Component Files used:</h2>

   * Component: ARM::CMSIS:CORE:5.4.0

   * Component: Keil::Device:GPIO:1.3
      Include file:  RTE_Driver\GPIO_STM32F10x.h
      Source file:   RTE_Driver\GPIO_STM32F10x.c

   * Component: Keil::Device:Startup:1.0.0
      Source file:   Device\Source\ARM\STM32F1xx_OPT.s
      Source file:   Device\Source\ARM\startup_stm32f10x_md.s
      Include file:  RTE_Driver\Config\RTE_Device.h
      Source file:   Device\Source\system_stm32f10x.c

   * Component: Keil::Device:StdPeriph Drivers:EXTI:3.5.0
      Source file:   Device\StdPeriph_Driver\src\stm32f10x_exti.c
      Include file:  Device\StdPeriph_Driver\inc\stm32f10x_exti.h

   * Component: Keil::Device:StdPeriph Drivers:Framework:3.5.1
      Source file:   Device\StdPeriph_Driver\templates\stm32f10x_it.c
      Source file:   Device\StdPeriph_Driver\src\misc.c
      Include file:  Device\StdPeriph_Driver\templates\stm32f10x_it.h
      Include file:  Device\StdPeriph_Driver\inc\misc.h
      Source file:   Device\StdPeriph_Driver\templates\stm32f10x_conf.h

   * Component: Keil::Device:StdPeriph Drivers:GPIO:3.5.0
      Include file:  Device\StdPeriph_Driver\inc\stm32f10x_gpio.h
      Source file:   Device\StdPeriph_Driver\src\stm32f10x_gpio.c

   * Component: Keil::Device:StdPeriph Drivers:RCC:3.5.0
      Include file:  Device\StdPeriph_Driver\inc\stm32f10x_rcc.h
      Source file:   Device\StdPeriph_Driver\src\stm32f10x_rcc.c
Build Time Elapsed:  00:00:01
</pre>
</body>
</html>
